// Jest Snapshot v1, https://goo.gl/fbAQLP

exports[`babel-plugin-transform-block-scope-to-iife transforms top level block scope by an IIFE 1`] = `
"(function () {
  const {
    Element,
    html
  } = window.Polymer;

  class Component extends Element {
    static get is() {
      return 'tag-name';
    }

  }
})();

class Component extends Element {
  static get is() {
    return 'tag-name';
  }

}

if (true) {// code
}"
`;
